
> royal-perfume@0.1.0 build
> next build

ΓÜá Warning: Next.js inferred your workspace root, but it may not be correct.
 We detected multiple lockfiles and selected the directory of C:\Users\ahmed\package-lock.json as the root directory.
 To silence this warning, set `turbopack.root` in your Next.js config, or consider removing one of the lockfiles if it's not needed.
   See https://nextjs.org/docs/app/api-reference/config/next-config-js/turbopack#root-directory for more information.
 Detected additional lockfiles: 
   * C:\Users\ahmed\OneDrive\Desktop\Disk\RoyalPerfume\package-lock.json

Γû▓ Next.js 16.1.6 (Turbopack)
- Environments: .env.local

ΓÜá The "middleware" file convention is deprecated. Please use "proxy" instead. Learn more: https://nextjs.org/docs/messages/middleware-to-proxy
  Creating an optimized production build ...
Γ£ô Compiled successfully in 8.8s
  Running TypeScript ...
Failed to compile.

./src/components/admin/ProductForm.tsx:91:25
Type error: Property 'name' does not exist on type 'Product'.

  89 |     resolver: zodResolver(productSchema) as any,
  90 |     defaultValues: initialData ? {
> 91 |       name: initialData.name,
     |                         ^
  92 |       description: initialData.description || '',
  93 |       price: initialData.price,
  94 |       discount: initialData.discount,
Next.js build worker exited with code: 1 and signal: null
